// Jest Snapshot v1, https://goo.gl/fbAQLP

exports[`qiokian renders correctly 1`] = `"<div></div>"`;
